
> smola-flowers@0.1.0 test
> jest

